// Jest Snapshot v1, https://goo.gl/fbAQLP

exports[`DrawerItem should render 1`] = `
initialize {
  "0": Object {
    "attribs": Object {},
    "children": Array [
      Object {
        "attribs": Object {
          "class": "MuiButtonBase-root-17 MuiListItem-root-7 MuiListItem-default-10 MuiListItem-gutters-14 MuiListItem-button-15",
          "role": "button",
          "tabindex": "0",
        },
        "children": Array [
          Object {
            "attribs": Object {
              "class": "MuiListItemText-root-20 MuiListItemText-inset-21",
              "style": "padding-left:16px",
            },
            "children": Array [],
            "name": "div",
            "namespace": "http://www.w3.org/1999/xhtml",
            "next": Object {
              "attribs": Object {
                "aria-hidden": "true",
                "class": "MuiSvgIcon-root-26",
                "focusable": "false",
                "viewBox": "0 0 24 24",
              },
              "children": Array [
                Object {
                  "attribs": Object {
                    "d": "M16.59 8.59L12 13.17 7.41 8.59 6 10l6 6 6-6z",
                  },
                  "children": Array [],
                  "name": "path",
                  "namespace": "http://www.w3.org/2000/svg",
                  "next": null,
                  "parent": [Circular],
                  "prev": null,
                  "type": "tag",
                  "x-attribsNamespace": Object {
                    "d": undefined,
                  },
                  "x-attribsPrefix": Object {
                    "d": undefined,
                  },
                },
              ],
              "name": "svg",
              "namespace": "http://www.w3.org/2000/svg",
              "next": Object {
                "attribs": Object {
                  "class": "MuiTouchRipple-root-32",
                },
                "children": Array [],
                "name": "span",
                "namespace": "http://www.w3.org/1999/xhtml",
                "next": null,
                "parent": [Circular],
                "prev": [Circular],
                "type": "tag",
                "x-attribsNamespace": Object {
                  "class": undefined,
                },
                "x-attribsPrefix": Object {
                  "class": undefined,
                },
              },
              "parent": [Circular],
              "prev": [Circular],
              "type": "tag",
              "x-attribsNamespace": Object {
                "aria-hidden": undefined,
                "class": undefined,
                "focusable": undefined,
                "viewBox": undefined,
              },
              "x-attribsPrefix": Object {
                "aria-hidden": undefined,
                "class": undefined,
                "focusable": undefined,
                "viewBox": undefined,
              },
            },
            "parent": [Circular],
            "prev": null,
            "type": "tag",
            "x-attribsNamespace": Object {
              "class": undefined,
              "style": undefined,
            },
            "x-attribsPrefix": Object {
              "class": undefined,
              "style": undefined,
            },
          },
          Object {
            "attribs": Object {
              "aria-hidden": "true",
              "class": "MuiSvgIcon-root-26",
              "focusable": "false",
              "viewBox": "0 0 24 24",
            },
            "children": Array [
              Object {
                "attribs": Object {
                  "d": "M16.59 8.59L12 13.17 7.41 8.59 6 10l6 6 6-6z",
                },
                "children": Array [],
                "name": "path",
                "namespace": "http://www.w3.org/2000/svg",
                "next": null,
                "parent": [Circular],
                "prev": null,
                "type": "tag",
                "x-attribsNamespace": Object {
                  "d": undefined,
                },
                "x-attribsPrefix": Object {
                  "d": undefined,
                },
              },
            ],
            "name": "svg",
            "namespace": "http://www.w3.org/2000/svg",
            "next": Object {
              "attribs": Object {
                "class": "MuiTouchRipple-root-32",
              },
              "children": Array [],
              "name": "span",
              "namespace": "http://www.w3.org/1999/xhtml",
              "next": null,
              "parent": [Circular],
              "prev": [Circular],
              "type": "tag",
              "x-attribsNamespace": Object {
                "class": undefined,
              },
              "x-attribsPrefix": Object {
                "class": undefined,
              },
            },
            "parent": [Circular],
            "prev": Object {
              "attribs": Object {
                "class": "MuiListItemText-root-20 MuiListItemText-inset-21",
                "style": "padding-left:16px",
              },
              "children": Array [],
              "name": "div",
              "namespace": "http://www.w3.org/1999/xhtml",
              "next": [Circular],
              "parent": [Circular],
              "prev": null,
              "type": "tag",
              "x-attribsNamespace": Object {
                "class": undefined,
                "style": undefined,
              },
              "x-attribsPrefix": Object {
                "class": undefined,
                "style": undefined,
              },
            },
            "type": "tag",
            "x-attribsNamespace": Object {
              "aria-hidden": undefined,
              "class": undefined,
              "focusable": undefined,
              "viewBox": undefined,
            },
            "x-attribsPrefix": Object {
              "aria-hidden": undefined,
              "class": undefined,
              "focusable": undefined,
              "viewBox": undefined,
            },
          },
          Object {
            "attribs": Object {
              "class": "MuiTouchRipple-root-32",
            },
            "children": Array [],
            "name": "span",
            "namespace": "http://www.w3.org/1999/xhtml",
            "next": null,
            "parent": [Circular],
            "prev": Object {
              "attribs": Object {
                "aria-hidden": "true",
                "class": "MuiSvgIcon-root-26",
                "focusable": "false",
                "viewBox": "0 0 24 24",
              },
              "children": Array [
                Object {
                  "attribs": Object {
                    "d": "M16.59 8.59L12 13.17 7.41 8.59 6 10l6 6 6-6z",
                  },
                  "children": Array [],
                  "name": "path",
                  "namespace": "http://www.w3.org/2000/svg",
                  "next": null,
                  "parent": [Circular],
                  "prev": null,
                  "type": "tag",
                  "x-attribsNamespace": Object {
                    "d": undefined,
                  },
                  "x-attribsPrefix": Object {
                    "d": undefined,
                  },
                },
              ],
              "name": "svg",
              "namespace": "http://www.w3.org/2000/svg",
              "next": [Circular],
              "parent": [Circular],
              "prev": Object {
                "attribs": Object {
                  "class": "MuiListItemText-root-20 MuiListItemText-inset-21",
                  "style": "padding-left:16px",
                },
                "children": Array [],
                "name": "div",
                "namespace": "http://www.w3.org/1999/xhtml",
                "next": [Circular],
                "parent": [Circular],
                "prev": null,
                "type": "tag",
                "x-attribsNamespace": Object {
                  "class": undefined,
                  "style": undefined,
                },
                "x-attribsPrefix": Object {
                  "class": undefined,
                  "style": undefined,
                },
              },
              "type": "tag",
              "x-attribsNamespace": Object {
                "aria-hidden": undefined,
                "class": undefined,
                "focusable": undefined,
                "viewBox": undefined,
              },
              "x-attribsPrefix": Object {
                "aria-hidden": undefined,
                "class": undefined,
                "focusable": undefined,
                "viewBox": undefined,
              },
            },
            "type": "tag",
            "x-attribsNamespace": Object {
              "class": undefined,
            },
            "x-attribsPrefix": Object {
              "class": undefined,
            },
          },
        ],
        "name": "div",
        "namespace": "http://www.w3.org/1999/xhtml",
        "next": null,
        "parent": [Circular],
        "prev": null,
        "type": "tag",
        "x-attribsNamespace": Object {
          "class": undefined,
          "role": undefined,
          "tabindex": undefined,
        },
        "x-attribsPrefix": Object {
          "class": undefined,
          "role": undefined,
          "tabindex": undefined,
        },
      },
    ],
    "name": "div",
    "namespace": "http://www.w3.org/1999/xhtml",
    "next": null,
    "parent": null,
    "prev": null,
    "root": Object {
      "attribs": Object {},
      "children": Array [
        [Circular],
      ],
      "name": "root",
      "namespace": "http://www.w3.org/1999/xhtml",
      "next": null,
      "parent": null,
      "prev": null,
      "type": "root",
      "x-attribsNamespace": Object {},
      "x-attribsPrefix": Object {},
    },
    "type": "tag",
    "x-attribsNamespace": Object {},
    "x-attribsPrefix": Object {},
  },
  "_root": [Circular],
  "length": 1,
  "options": Object {
    "decodeEntities": true,
    "normalizeWhitespace": false,
    "withDomLvl1": true,
    "xml": false,
  },
}
`;
