// Jest Snapshot v1, https://goo.gl/fbAQLP

exports[`DrawerItem should render 1`] = `
<WithStyles(DrawerItem)>
  <DrawerItem
    classes={
      Object {
        "linkText": "DrawerItem-linkText-4",
        "nested": "DrawerItem-nested-1",
        "nestedMore": "DrawerItem-nestedMore-2",
        "subItemIconContainer": "DrawerItem-subItemIconContainer-6",
        "subLink": "DrawerItem-subLink-3",
        "subLinkText": "DrawerItem-subLinkText-5",
      }
    }
  >
    <div>
      <WithStyles(ListItem)
        button={true}
        onClick={[Function]}
      >
        <ListItem
          ContainerComponent="li"
          button={true}
          classes={
            Object {
              "button": "MuiListItem-button-15",
              "container": "MuiListItem-container-8",
              "default": "MuiListItem-default-10",
              "dense": "MuiListItem-dense-11",
              "disabled": "MuiListItem-disabled-12",
              "divider": "MuiListItem-divider-13",
              "focusVisible": "MuiListItem-focusVisible-9",
              "gutters": "MuiListItem-gutters-14",
              "root": "MuiListItem-root-7",
              "secondaryAction": "MuiListItem-secondaryAction-16",
              "selected": "MuiListItem-selected-17",
            }
          }
          dense={false}
          disableGutters={false}
          disabled={false}
          divider={false}
          onClick={[Function]}
          selected={false}
        >
          <WithStyles(ButtonBase)
            className="MuiListItem-root-7 MuiListItem-default-10 MuiListItem-gutters-14 MuiListItem-button-15"
            component="div"
            disabled={false}
            focusVisibleClassName="MuiListItem-focusVisible-9"
            onClick={[Function]}
          >
            <ButtonBase
              centerRipple={false}
              className="MuiListItem-root-7 MuiListItem-default-10 MuiListItem-gutters-14 MuiListItem-button-15"
              classes={
                Object {
                  "disabled": "MuiButtonBase-disabled-19",
                  "focusVisible": "MuiButtonBase-focusVisible-20",
                  "root": "MuiButtonBase-root-18",
                }
              }
              component="div"
              disableRipple={false}
              disableTouchRipple={false}
              disabled={false}
              focusRipple={false}
              focusVisibleClassName="MuiListItem-focusVisible-9"
              onClick={[Function]}
              tabIndex="0"
              type="button"
            >
              <div
                className="MuiButtonBase-root-18 MuiListItem-root-7 MuiListItem-default-10 MuiListItem-gutters-14 MuiListItem-button-15"
                onBlur={[Function]}
                onClick={[Function]}
                onFocus={[Function]}
                onKeyDown={[Function]}
                onKeyUp={[Function]}
                onMouseDown={[Function]}
                onMouseLeave={[Function]}
                onMouseUp={[Function]}
                onTouchEnd={[Function]}
                onTouchMove={[Function]}
                onTouchStart={[Function]}
                role="button"
                tabIndex="0"
              >
                <WithStyles(ListItemText)
                  inset={true}
                  key=".0"
                  style={
                    Object {
                      "paddingLeft": "16px",
                    }
                  }
                >
                  <ListItemText
                    classes={
                      Object {
                        "dense": "MuiListItemText-dense-23",
                        "inset": "MuiListItemText-inset-22",
                        "primary": "MuiListItemText-primary-24",
                        "root": "MuiListItemText-root-21",
                        "secondary": "MuiListItemText-secondary-25",
                        "textDense": "MuiListItemText-textDense-26",
                      }
                    }
                    disableTypography={false}
                    inset={true}
                    style={
                      Object {
                        "paddingLeft": "16px",
                      }
                    }
                  >
                    <div
                      className="MuiListItemText-root-21 MuiListItemText-inset-22"
                      style={
                        Object {
                          "paddingLeft": "16px",
                        }
                      }
                    />
                  </ListItemText>
                </WithStyles(ListItemText)>
                <pure(ExpandMoreIcon)
                  key=".1"
                >
                  <ExpandMoreIcon>
                    <WithStyles(SvgIcon)>
                      <SvgIcon
                        classes={
                          Object {
                            "colorAction": "MuiSvgIcon-colorAction-30",
                            "colorDisabled": "MuiSvgIcon-colorDisabled-32",
                            "colorError": "MuiSvgIcon-colorError-31",
                            "colorPrimary": "MuiSvgIcon-colorPrimary-28",
                            "colorSecondary": "MuiSvgIcon-colorSecondary-29",
                            "fontSizeInherit": "MuiSvgIcon-fontSizeInherit-33",
                            "root": "MuiSvgIcon-root-27",
                          }
                        }
                        color="inherit"
                        component="svg"
                        fontSize="default"
                        viewBox="0 0 24 24"
                      >
                        <svg
                          aria-hidden="true"
                          className="MuiSvgIcon-root-27"
                          focusable="false"
                          viewBox="0 0 24 24"
                        >
                          <path
                            d="M16.59 8.59L12 13.17 7.41 8.59 6 10l6 6 6-6z"
                          />
                          <path
                            d="M0 0h24v24H0z"
                            fill="none"
                          />
                        </svg>
                      </SvgIcon>
                    </WithStyles(SvgIcon)>
                  </ExpandMoreIcon>
                </pure(ExpandMoreIcon)>
                <WithStyles(TouchRipple)
                  center={false}
                  innerRef={[Function]}
                >
                  <TouchRipple
                    center={false}
                    classes={
                      Object {
                        "child": "MuiTouchRipple-child-38",
                        "childLeaving": "MuiTouchRipple-childLeaving-39",
                        "childPulsate": "MuiTouchRipple-childPulsate-40",
                        "ripple": "MuiTouchRipple-ripple-35",
                        "ripplePulsate": "MuiTouchRipple-ripplePulsate-37",
                        "rippleVisible": "MuiTouchRipple-rippleVisible-36",
                        "root": "MuiTouchRipple-root-34",
                      }
                    }
                  >
                    <TransitionGroup
                      childFactory={[Function]}
                      className="MuiTouchRipple-root-34"
                      component="span"
                      enter={true}
                      exit={true}
                    >
                      <span
                        className="MuiTouchRipple-root-34"
                      />
                    </TransitionGroup>
                  </TouchRipple>
                </WithStyles(TouchRipple)>
              </div>
            </ButtonBase>
          </WithStyles(ButtonBase)>
        </ListItem>
      </WithStyles(ListItem)>
    </div>
  </DrawerItem>
</WithStyles(DrawerItem)>
`;
